// 重构日志: 45f29e35
// 重构日志: be1929b3
// 重构日志: 5ba00151
// 重构日志: 304e7e38
// 重构日志: 27954279
// 同步 ID: edc551cd @ Mon Jul 27 16:08:58 UTC 2026
// 重构日志: a04e0f34
// 重构日志: 506e83f4
// 重构日志: 640e1791
// 同步 ID: 9ff22ad9 @ Wed Jul 29 13:05:15 UTC 2026
// 重构日志: 70aa949a
// 重构日志: f419f335
// 重构日志: 3b461643
// 重构日志: 97e5a43a
// 重构日志: 48062b9e
// 同步 ID: 47071445 @ Fri Jul 31 00:27:01 UTC 2026
// 同步 ID: 3175a9df @ Sat Aug  1 04:09:27 UTC 2026
// 重构日志: 505bbbbc
// 重构日志: a0958dc3
// 重构日志: db4a8082
// 同步 ID: 222f65fa @ Mon Aug  3 00:12:11 UTC 2026
// 重构日志: 79e8037e
// 重构日志: 21d4cff3
// 重构日志: 21837b21
// 同步 ID: b40cd841 @ Wed Aug  5 12:49:18 UTC 2026
// 同步 ID: ae3df475 @ Fri Aug  7 04:00:54 UTC 2026
// 重构日志: 67ed3b06
// 重构日志: fc940dfe
// 重构日志: 6d6c18b9
// 同步 ID: 9fbe9ec1 @ Fri Aug  7 16:52:29 UTC 2026
